// Jest Snapshot v1, https://goo.gl/fbAQLP

exports[`GradesTab Component snapshots basic snapshot 1`] = `
<React.Fragment>
  <SpinnerIcon />
  <SearchControls />
  <FilterBadges
    handleFilterBadgeClose={[MockFunction this.handleFilterBadgeClose]}
  />
  <StatusAlerts />
  <h4>
    Step 2: View or Modify Individual Grades
  </h4>
  <UsersLabel />
  <div
    className="d-flex justify-content-between align-items-center mb-2"
  >
    <ScoreViewInput />
    <BulkManagementControls />
  </div>
  <GradebookTable />
  <PageButtons />
  <p>
    * available for learners in the Master's track only
  </p>
  <EditModal />
</React.Fragment>
`;
